// Jest Snapshot v1, https://goo.gl/fbAQLP

exports[`AutoComplete component should match snapshot 1`] = `
<View
  style={
    Array [
      Object {
        "backgroundColor": "#F7F7FA",
        "borderColor": "#F7F7FA",
        "borderWidth": 2,
        "flex": 1,
        "position": "absolute",
        "top": 48,
        "width": 720,
        "zIndex": 3,
      },
      Object {},
    ]
  }
>
  <RCTScrollView
    disableVirtualization={false}
    getItem={[Function]}
    getItemCount={[Function]}
    horizontal={false}
    initialNumToRender={10}
    keyExtractor={[Function]}
    keyboardShouldPersistTaps="handled"
    maxToRenderPerBatch={10}
    numColumns={1}
    onContentSizeChange={[Function]}
    onEndReachedThreshold={2}
    onLayout={[Function]}
    onMomentumScrollEnd={[Function]}
    onScroll={[Function]}
    onScrollBeginDrag={[Function]}
    onScrollEndDrag={[Function]}
    removeClippedSubviews={false}
    renderItem={[Function]}
    scrollEventThrottle={50}
    stickyHeaderIndices={Array []}
    testID="autoCompleteFlatList"
    updateCellsBatchingPeriod={50}
    viewabilityConfigCallbackPairs={Array []}
    windowSize={21}
  >
    <View />
  </RCTScrollView>
</View>
`;
