// Jest Snapshot v1, https://goo.gl/fbAQLP

exports[`OmniboxDirections component should match snapshot 1`] = `
Array [
  <RCTSafeAreaView
    emulateUnlessSupported={true}
    style={
      Array [
        Object {
          "backgroundColor": "#F2F2F2",
          "height": 235,
          "position": "absolute",
          "top": 0,
          "width": 750,
          "zIndex": 1,
        },
        Object {
          "height": 260,
        },
      ]
    }
  >
    <View
      style={
        Object {
          "marginLeft": 15,
          "marginRight": 15,
          "paddingBottom": 20,
        }
      }
    >
      <View
        accessible={true}
        focusable={true}
        isTVSelectable={true}
        onClick={[Function]}
        onResponderGrant={[Function]}
        onResponderMove={[Function]}
        onResponderRelease={[Function]}
        onResponderTerminate={[Function]}
        onResponderTerminationRequest={[Function]}
        onStartShouldSetResponder={[Function]}
        style={
          Object {
            "opacity": 1,
          }
        }
        testID="backArrow"
      >
        <Text />
      </View>
      <View
        style={
          Object {
            "alignItems": "center",
            "flexDirection": "row",
            "marginLeft": 36,
          }
        }
      >
        <View
          style={
            Object {
              "flex": 1,
            }
          }
        >
          <TextInput
            allowFontScaling={true}
            onChangeText={[Function]}
            onFocus={[Function]}
            rejectResponderTermination={true}
            selectTextOnFocus={true}
            style={
              Object {
                "borderColor": "#DEDEDE",
                "borderWidth": 1,
                "fontSize": 16,
                "height": 38,
                "marginBottom": 15,
                "marginLeft": 10,
                "paddingLeft": 10,
              }
            }
            testID="searchInputInitialLocation"
            underlineColorAndroid="transparent"
            value={null}
          />
          <TextInput
            allowFontScaling={true}
            onChangeText={[Function]}
            onFocus={[Function]}
            rejectResponderTermination={true}
            selectTextOnFocus={true}
            style={
              Object {
                "borderColor": "#DEDEDE",
                "borderWidth": 1,
                "fontSize": 16,
                "height": 38,
                "marginBottom": 15,
                "marginLeft": 10,
                "paddingLeft": 10,
              }
            }
            testID="searchInputDestinationLocation"
            underlineColorAndroid="transparent"
            value="Stairs 3"
          />
        </View>
      </View>
      <View
        style={
          Object {
            "marginTop": 0,
          }
        }
      >
        <View
          accessibilityRole="button"
          accessibilityStates={Array []}
          accessible={true}
          focusable={true}
          isTVSelectable={true}
          onClick={[Function]}
          onResponderGrant={[Function]}
          onResponderMove={[Function]}
          onResponderRelease={[Function]}
          onResponderTerminate={[Function]}
          onResponderTerminationRequest={[Function]}
          onStartShouldSetResponder={[Function]}
          style={
            Object {
              "opacity": 1,
            }
          }
          testID="timePickerButton"
        >
          <View
            style={
              Array [
                Object {},
              ]
            }
          >
            <Text
              style={
                Array [
                  Object {
                    "color": "#007AFF",
                    "fontSize": 18,
                    "padding": 8,
                    "textAlign": "center",
                  },
                  Object {
                    "color": "#AA2B45",
                  },
                ]
              }
            >
              Depart at: now
            </Text>
          </View>
        </View>
      </View>
      <View
        style={
          Object {
            "alignItems": "center",
            "flexDirection": "row",
            "justifyContent": "space-between",
            "marginTop": 20,
          }
        }
      >
        <Text />
        <Text />
        <Text />
        <Text />
      </View>
    </View>
  </RCTSafeAreaView>,
  <View
    style={
      Object {
        "alignSelf": "center",
        "flex": 1,
        "height": 80,
        "position": "absolute",
        "right": 0,
        "top": 1234,
        "width": 80,
        "zIndex": 1,
      }
    }
  >
    <RNGestureHandlerButton
      collapsable={false}
      onGestureEvent={[Function]}
      onGestureHandlerEvent={[Function]}
      onGestureHandlerStateChange={[Function]}
      onHandlerStateChange={[Function]}
      rippleColor={0}
      style={
        Array [
          Object {
            "overflow": "hidden",
          },
          undefined,
        ]
      }
    >
      <View
        accessible={true}
        style={
          Object {
            "height": 80,
            "opacity": 1,
            "width": 80,
          }
        }
      >
        <View
          style={
            Object {
              "alignItems": "center",
              "backgroundColor": "#AA2B45",
              "borderColor": "rgba(0,0,0,0.2)",
              "borderRadius": 50,
              "borderWidth": 1,
              "flex": 1,
              "height": 80,
              "justifyContent": "center",
              "left": 0,
              "position": "absolute",
              "top": 0,
              "width": 80,
            }
          }
        >
          <Text />
        </View>
      </View>
    </RNGestureHandlerButton>
  </View>,
]
`;
